Flow report for tp_conc_sys
Mon Feb 09 12:14:46 2026
Quartus II 32-bit Version 13.0.1 Build 232 06/12/2013 Service Pack 1 SJ Full Version


---------------------
; Table of Contents ;
---------------------
  1. Legal Notice
  2. Flow Summary
  3. Flow Settings
  4. Flow Non-Default Global Settings
  5. Flow Elapsed Time
  6. Flow OS Summary
  7. Flow Log
  8. Flow Messages
  9. Flow Suppressed Messages



----------------
; Legal Notice ;
----------------
Copyright (C) 1991-2013 Altera Corporation
Your use of Altera Corporation's design tools, logic functions 
and other software and tools, and its AMPP partner logic 
functions, and any output files from any of the foregoing 
(including device programming or simulation files), and any 
associated documentation or information are expressly subject 
to the terms and conditions of the Altera Program License 
Subscription Agreement, Altera MegaCore Function License 
Agreement, or other applicable license agreement, including, 
without limitation, that your use is for the sole purpose of 
programming logic devices manufactured by Altera and sold by 
Altera or its authorized distributors.  Please refer to the 
applicable agreement for further details.



+---------------------------------------------------------------------------------------+
; Flow Summary                                                                          ;
+------------------------------------+--------------------------------------------------+
; Flow Status                        ; Successful - Mon Feb 09 12:14:30 2026            ;
; Quartus II 32-bit Version          ; 13.0.1 Build 232 06/12/2013 SP 1 SJ Full Version ;
; Revision Name                      ; tp_conc_sys                                      ;
; Top-level Entity Name              ; Lights                                           ;
; Family                             ; Cyclone IV E                                     ;
; Device                             ; EP4CE22F17C6                                     ;
; Timing Models                      ; Final                                            ;
; Total logic elements               ; 2,373 / 22,320 ( 11 % )                          ;
;     Total combinational functions  ; 2,160 / 22,320 ( 10 % )                          ;
;     Dedicated logic registers      ; 1,433 / 22,320 ( 6 % )                           ;
; Total registers                    ; 1502                                             ;
; Total pins                         ; 49 / 154 ( 32 % )                                ;
; Total virtual pins                 ; 0                                                ;
; Total memory bits                  ; 44,032 / 608,256 ( 7 % )                         ;
; Embedded Multiplier 9-bit elements ; 0 / 132 ( 0 % )                                  ;
; Total PLLs                         ; 0 / 4 ( 0 % )                                    ;
+------------------------------------+--------------------------------------------------+


+-----------------------------------------+
; Flow Settings                           ;
+-------------------+---------------------+
; Option            ; Setting             ;
+-------------------+---------------------+
; Start date & time ; 02/09/2026 12:12:49 ;
; Main task         ; Compilation         ;
; Revision Name     ; tp_conc_sys         ;
+-------------------+---------------------+


+------------------------------------------------------------------------------------------------------------------------+
; Flow Non-Default Global Settings                                                                                       ;
+-------------------------------------+---------------------------------------+---------------+-------------+------------+
; Assignment Name                     ; Value                                 ; Default Value ; Entity Name ; Section Id ;
+-------------------------------------+---------------------------------------+---------------+-------------+------------+
; COMPILER_SIGNATURE_ID               ; 154946505407819.177063556919624       ; --            ; --          ; --         ;
; MAX_CORE_JUNCTION_TEMP              ; 85                                    ; --            ; --          ; --         ;
; MIN_CORE_JUNCTION_TEMP              ; 0                                     ; --            ; --          ; --         ;
; NOMINAL_CORE_SUPPLY_VOLTAGE         ; 1.2V                                  ; --            ; --          ; --         ;
; PARTITION_COLOR                     ; 16764057                              ; --            ; DE0_NANO    ; Top        ;
; PARTITION_COLOR                     ; 16764057                              ; --            ; Lights      ; Top        ;
; PARTITION_FITTER_PRESERVATION_LEVEL ; PLACEMENT_AND_ROUTING                 ; --            ; DE0_NANO    ; Top        ;
; PARTITION_FITTER_PRESERVATION_LEVEL ; PLACEMENT_AND_ROUTING                 ; --            ; Lights      ; Top        ;
; PARTITION_NETLIST_TYPE              ; SOURCE                                ; --            ; DE0_NANO    ; Top        ;
; PARTITION_NETLIST_TYPE              ; SOURCE                                ; --            ; Lights      ; Top        ;
; POWER_BOARD_THERMAL_MODEL           ; None (CONSERVATIVE)                   ; --            ; --          ; --         ;
; POWER_PRESET_COOLING_SOLUTION       ; 23 MM HEAT SINK WITH 200 LFPM AIRFLOW ; --            ; --          ; --         ;
; PROJECT_OUTPUT_DIRECTORY            ; output_files                          ; --            ; --          ; --         ;
; TOP_LEVEL_ENTITY                    ; Lights                                ; tp_conc_sys   ; --          ; --         ;
+-------------------------------------+---------------------------------------+---------------+-------------+------------+


+-------------------------------------------------------------------------------------------------------------------------------+
; Flow Elapsed Time                                                                                                             ;
+---------------------------+--------------+-------------------------+---------------------+------------------------------------+
; Module Name               ; Elapsed Time ; Average Processors Used ; Peak Virtual Memory ; Total CPU Time (on all processors) ;
+---------------------------+--------------+-------------------------+---------------------+------------------------------------+
; Analysis & Synthesis      ; 00:01:06     ; 1.0                     ; 477 MB              ; 00:00:31                           ;
; Fitter                    ; 00:00:24     ; 1.4                     ; 735 MB              ; 00:00:17                           ;
; Assembler                 ; 00:00:11     ; 1.0                     ; 391 MB              ; 00:00:02                           ;
; TimeQuest Timing Analyzer ; 00:00:13     ; 1.0                     ; 459 MB              ; 00:00:05                           ;
; Total                     ; 00:01:54     ; --                      ; --                  ; 00:00:55                           ;
+---------------------------+--------------+-------------------------+---------------------+------------------------------------+


+----------------------------------------------------------------------------------------+
; Flow OS Summary                                                                        ;
+---------------------------+------------------+-----------+------------+----------------+
; Module Name               ; Machine Hostname ; OS Name   ; OS Version ; Processor type ;
+---------------------------+------------------+-----------+------------+----------------+
; Analysis & Synthesis      ; a-137153         ; Windows 7 ; 6.2        ; x86_64         ;
; Fitter                    ; a-137153         ; Windows 7 ; 6.2        ; x86_64         ;
; Assembler                 ; a-137153         ; Windows 7 ; 6.2        ; x86_64         ;
; TimeQuest Timing Analyzer ; a-137153         ; Windows 7 ; 6.2        ; x86_64         ;
+---------------------------+------------------+-----------+------------+----------------+


------------
; Flow Log ;
------------
quartus_map --read_settings_files=on --write_settings_files=off tp_conc_sys -c tp_conc_sys
quartus_fit --read_settings_files=off --write_settings_files=off tp_conc_sys -c tp_conc_sys
quartus_asm --read_settings_files=off --write_settings_files=off tp_conc_sys -c tp_conc_sys
quartus_sta tp_conc_sys -c tp_conc_sys



